## 分组函数（多行处理函数）

+ 所有的分组函数都是对「某一组」数据进行操作的。
  + `count`
  + `sum`
  + `avg`
  + `max`
  + `min`
+ 也叫多行处理函数：输入多行，输出一行。
+ **分组函数自动忽略 `NULL`**

### `sum`

+ 找出工资总和

```mysql
mysql> select sum(sal) from emp;
+----------+
| sum(sal) |
+----------+
| 29025.00 |
+----------+
1 row in set (0.00 sec)
```

### `max`

+ 找出最高工资

```mysql
mysql> select max(sal) from emp;
+----------+
| max(sal) |
+----------+
|  5000.00 |
+----------+
1 row in set (0.00 sec)
```

### `min`

+ 找出最低工资

```mysql
mysql> select min(sal) from emp;
+----------+
| min(sal) |
+----------+
|   800.00 |
+----------+
1 row in set (0.00 sec)
```

### `avg`

+ 找出平均工资

```mysql
mysql> select avg(sal) from emp;
+-------------+
| avg(sal)    |
+-------------+
| 2073.214286 |
+-------------+
1 row in set (0.00 sec)
```

+ 找出工资高于平均工资的员工

```mysql
mysql> select ename, sal from emp where sal > avg(sal);
ERROR 1111 (HY000): Invalid use of group function
# 分组函数不能直接用在 where 子句中。

```

> 因为 `group by` 在 `where` 执行之后执行
> 而分组函数在 `group by` 执行之后执行
>
> ```mysql
> select			5
> 	..
> from			1
> 	..
> where			2
> 	..
> group by		3   # 分组函数在 group by 之后执行
> 	..
> having			4
> 	..
> order by		6
> 	..
> ```

可以嵌套解决（子查询）

```mysql
mysql> select ename, sal from emp where sal > (select avg(sal) from emp);
+-------+---------+
| ename | sal     |
+-------+---------+
| JONES | 2975.00 |
| BLAKE | 2850.00 |
| CLARK | 2450.00 |
| SCOTT | 3000.00 |
| KING  | 5000.00 |
| FORD  | 3000.00 |
+-------+---------+
6 rows in set (0.00 sec)
```

### `count`

+ 找出总人数

```mysql
mysql> select avg(sal) from emp;
+-------------+
| avg(sal)    |
+-------------+
| 2073.214286 |
+-------------+
1 row in set (0.00 sec)
```

#### `count *` 与 `count` 某字段

+ `count(*)` 计算的是总记录条数
+ `count(字段)` 计算的是某个字段中非空数据数量

```mysql
mysql> select count(*) from emp;
+----------+
| count(*) |
+----------+
|       14 |
+----------+
1 row in set (0.01 sec)

mysql> select count(comm) from emp;
+-------------+
| count(comm) |
+-------------+
|           4 |
+-------------+
1 row in set (0.00 sec)
```



### 分组函数自动忽略 `NULL`

```mysql
mysql> select comm from emp;
+---------+
| comm    |
+---------+
|    NULL |
|  300.00 |
|  500.00 |
|    NULL |
| 1400.00 |
|    NULL |
|    NULL |
|    NULL |
|    NULL |
|    0.00 |
|    NULL |
|    NULL |
|    NULL |
|    NULL |
+---------+
14 rows in set (0.00 sec)

mysql> select count(comm) from emp;
+-------------+
| count(comm) |
+-------------+
|           4 |
+-------------+
1 row in set (0.00 sec)
```

### 可以同时使用多个分组函数

```mysql
mysql>  select max(sal), min(sal), sum(sal), count(sal), avg(sal) from emp;
+----------+----------+----------+------------+-------------+
| max(sal) | min(sal) | sum(sal) | count(sal) | avg(sal)    |
+----------+----------+----------+------------+-------------+
|  5000.00 |   800.00 | 29025.00 |         14 | 2073.214286 |
+----------+----------+----------+------------+-------------+
1 row in set (0.00 sec)
```
